------------------------------------------------------------
Timing Analyzer Summary
------------------------------------------------------------

Type  : Slow 1100mV 100C Model Setup 'HDMI_TX_CLK'
Slack : 5.669
TNS   : 0.000

Type  : Slow 1100mV 100C Model Setup 'altera_reserved_tck'
Slack : 10.855
TNS   : 0.000

Type  : Slow 1100mV 100C Model Setup 'pll2|video_pll_inst|altera_pll_i|general[1].gpll~PLL_OUTPUT_COUNTER|divclk'
Slack : 13.181
TNS   : 0.000

Type  : Slow 1100mV 100C Model Setup 'FPGA_CLK1_50'
Slack : 14.019
TNS   : 0.000

Type  : Slow 1100mV 100C Model Setup 'MIPI_PIXEL_CLK'
Slack : 20.596
TNS   : 0.000

Type  : Slow 1100mV 100C Model Setup 'pll1|audio_pll_inst|altera_pll_i|general[0].gpll~PLL_OUTPUT_COUNTER|divclk'
Slack : 648.950
TNS   : 0.000

Type  : Slow 1100mV 100C Model Hold 'MIPI_PIXEL_CLK'
Slack : 0.134
TNS   : 0.000

Type  : Slow 1100mV 100C Model Hold 'altera_reserved_tck'
Slack : 0.358
TNS   : 0.000

Type  : Slow 1100mV 100C Model Hold 'FPGA_CLK1_50'
Slack : 0.376
TNS   : 0.000

Type  : Slow 1100mV 100C Model Hold 'pll2|video_pll_inst|altera_pll_i|general[1].gpll~PLL_OUTPUT_COUNTER|divclk'
Slack : 0.414
TNS   : 0.000

Type  : Slow 1100mV 100C Model Hold 'pll1|audio_pll_inst|altera_pll_i|general[0].gpll~PLL_OUTPUT_COUNTER|divclk'
Slack : 0.515
TNS   : 0.000

Type  : Slow 1100mV 100C Model Hold 'HDMI_TX_CLK'
Slack : 10.040
TNS   : 0.000

Type  : Slow 1100mV 100C Model Recovery 'pll1|audio_pll_inst|altera_pll_i|general[0].gpll~PLL_OUTPUT_COUNTER|divclk'
Slack : -5.385
TNS   : -80.155

Type  : Slow 1100mV 100C Model Recovery 'FPGA_CLK1_50'
Slack : 16.458
TNS   : 0.000

Type  : Slow 1100mV 100C Model Recovery 'altera_reserved_tck'
Slack : 29.905
TNS   : 0.000

Type  : Slow 1100mV 100C Model Removal 'altera_reserved_tck'
Slack : 0.959
TNS   : 0.000

Type  : Slow 1100mV 100C Model Removal 'pll1|audio_pll_inst|altera_pll_i|general[0].gpll~PLL_OUTPUT_COUNTER|divclk'
Slack : 0.973
TNS   : 0.000

Type  : Slow 1100mV 100C Model Removal 'FPGA_CLK1_50'
Slack : 1.453
TNS   : 0.000

Type  : Slow 1100mV 100C Model Minimum Pulse Width 'pll1|audio_pll_inst|altera_pll_i|general[0].gpll~FRACTIONAL_PLL|vcoph[0]'
Slack : 1.600
TNS   : 0.000

Type  : Slow 1100mV 100C Model Minimum Pulse Width 'pll2|video_pll_inst|altera_pll_i|general[0].gpll~FRACTIONAL_PLL|vcoph[0]'
Slack : 1.666
TNS   : 0.000

Type  : Slow 1100mV 100C Model Minimum Pulse Width 'FPGA_CLK1_50'
Slack : 8.699
TNS   : 0.000

Type  : Slow 1100mV 100C Model Minimum Pulse Width 'FPGA_CLK2_50'
Slack : 9.730
TNS   : 0.000

Type  : Slow 1100mV 100C Model Minimum Pulse Width 'altera_reserved_tck'
Slack : 15.476
TNS   : 0.000

Type  : Slow 1100mV 100C Model Minimum Pulse Width 'pll2|video_pll_inst|altera_pll_i|general[1].gpll~PLL_OUTPUT_COUNTER|divclk'
Slack : 18.564
TNS   : 0.000

Type  : Slow 1100mV 100C Model Minimum Pulse Width 'MIPI_PIXEL_CLK'
Slack : 18.716
TNS   : 0.000

Type  : Slow 1100mV 100C Model Minimum Pulse Width 'pll1|audio_pll_inst|altera_pll_i|general[0].gpll~PLL_OUTPUT_COUNTER|divclk'
Slack : 325.420
TNS   : 0.000

Type  : Slow 1100mV -40C Model Setup 'HDMI_TX_CLK'
Slack : 6.073
TNS   : 0.000

Type  : Slow 1100mV -40C Model Setup 'altera_reserved_tck'
Slack : 11.101
TNS   : 0.000

Type  : Slow 1100mV -40C Model Setup 'pll2|video_pll_inst|altera_pll_i|general[1].gpll~PLL_OUTPUT_COUNTER|divclk'
Slack : 13.372
TNS   : 0.000

Type  : Slow 1100mV -40C Model Setup 'FPGA_CLK1_50'
Slack : 14.058
TNS   : 0.000

Type  : Slow 1100mV -40C Model Setup 'MIPI_PIXEL_CLK'
Slack : 21.900
TNS   : 0.000

Type  : Slow 1100mV -40C Model Setup 'pll1|audio_pll_inst|altera_pll_i|general[0].gpll~PLL_OUTPUT_COUNTER|divclk'
Slack : 648.906
TNS   : 0.000

Type  : Slow 1100mV -40C Model Hold 'FPGA_CLK1_50'
Slack : 0.355
TNS   : 0.000

Type  : Slow 1100mV -40C Model Hold 'altera_reserved_tck'
Slack : 0.368
TNS   : 0.000

Type  : Slow 1100mV -40C Model Hold 'pll2|video_pll_inst|altera_pll_i|general[1].gpll~PLL_OUTPUT_COUNTER|divclk'
Slack : 0.407
TNS   : 0.000

Type  : Slow 1100mV -40C Model Hold 'MIPI_PIXEL_CLK'
Slack : 0.439
TNS   : 0.000

Type  : Slow 1100mV -40C Model Hold 'pll1|audio_pll_inst|altera_pll_i|general[0].gpll~PLL_OUTPUT_COUNTER|divclk'
Slack : 0.569
TNS   : 0.000

Type  : Slow 1100mV -40C Model Hold 'HDMI_TX_CLK'
Slack : 9.797
TNS   : 0.000

Type  : Slow 1100mV -40C Model Recovery 'pll1|audio_pll_inst|altera_pll_i|general[0].gpll~PLL_OUTPUT_COUNTER|divclk'
Slack : -4.807
TNS   : -71.356

Type  : Slow 1100mV -40C Model Recovery 'FPGA_CLK1_50'
Slack : 16.329
TNS   : 0.000

Type  : Slow 1100mV -40C Model Recovery 'altera_reserved_tck'
Slack : 29.967
TNS   : 0.000

Type  : Slow 1100mV -40C Model Removal 'pll1|audio_pll_inst|altera_pll_i|general[0].gpll~PLL_OUTPUT_COUNTER|divclk'
Slack : 0.739
TNS   : 0.000

Type  : Slow 1100mV -40C Model Removal 'altera_reserved_tck'
Slack : 0.942
TNS   : 0.000

Type  : Slow 1100mV -40C Model Removal 'FPGA_CLK1_50'
Slack : 1.404
TNS   : 0.000

Type  : Slow 1100mV -40C Model Minimum Pulse Width 'pll1|audio_pll_inst|altera_pll_i|general[0].gpll~FRACTIONAL_PLL|vcoph[0]'
Slack : 1.600
TNS   : 0.000

Type  : Slow 1100mV -40C Model Minimum Pulse Width 'pll2|video_pll_inst|altera_pll_i|general[0].gpll~FRACTIONAL_PLL|vcoph[0]'
Slack : 1.666
TNS   : 0.000

Type  : Slow 1100mV -40C Model Minimum Pulse Width 'FPGA_CLK1_50'
Slack : 8.678
TNS   : 0.000

Type  : Slow 1100mV -40C Model Minimum Pulse Width 'FPGA_CLK2_50'
Slack : 9.754
TNS   : 0.000

Type  : Slow 1100mV -40C Model Minimum Pulse Width 'altera_reserved_tck'
Slack : 15.494
TNS   : 0.000

Type  : Slow 1100mV -40C Model Minimum Pulse Width 'pll2|video_pll_inst|altera_pll_i|general[1].gpll~PLL_OUTPUT_COUNTER|divclk'
Slack : 18.543
TNS   : 0.000

Type  : Slow 1100mV -40C Model Minimum Pulse Width 'MIPI_PIXEL_CLK'
Slack : 18.711
TNS   : 0.000

Type  : Slow 1100mV -40C Model Minimum Pulse Width 'pll1|audio_pll_inst|altera_pll_i|general[0].gpll~PLL_OUTPUT_COUNTER|divclk'
Slack : 325.436
TNS   : 0.000

Type  : Fast 1100mV 100C Model Setup 'HDMI_TX_CLK'
Slack : 11.307
TNS   : 0.000

Type  : Fast 1100mV 100C Model Setup 'altera_reserved_tck'
Slack : 14.048
TNS   : 0.000

Type  : Fast 1100mV 100C Model Setup 'pll2|video_pll_inst|altera_pll_i|general[1].gpll~PLL_OUTPUT_COUNTER|divclk'
Slack : 15.694
TNS   : 0.000

Type  : Fast 1100mV 100C Model Setup 'FPGA_CLK1_50'
Slack : 16.633
TNS   : 0.000

Type  : Fast 1100mV 100C Model Setup 'MIPI_PIXEL_CLK'
Slack : 26.632
TNS   : 0.000

Type  : Fast 1100mV 100C Model Setup 'pll1|audio_pll_inst|altera_pll_i|general[0].gpll~PLL_OUTPUT_COUNTER|divclk'
Slack : 651.055
TNS   : 0.000

Type  : Fast 1100mV 100C Model Hold 'altera_reserved_tck'
Slack : 0.104
TNS   : 0.000

Type  : Fast 1100mV 100C Model Hold 'pll2|video_pll_inst|altera_pll_i|general[1].gpll~PLL_OUTPUT_COUNTER|divclk'
Slack : 0.185
TNS   : 0.000

Type  : Fast 1100mV 100C Model Hold 'MIPI_PIXEL_CLK'
Slack : 0.186
TNS   : 0.000

Type  : Fast 1100mV 100C Model Hold 'FPGA_CLK1_50'
Slack : 0.202
TNS   : 0.000

Type  : Fast 1100mV 100C Model Hold 'pll1|audio_pll_inst|altera_pll_i|general[0].gpll~PLL_OUTPUT_COUNTER|divclk'
Slack : 0.337
TNS   : 0.000

Type  : Fast 1100mV 100C Model Hold 'HDMI_TX_CLK'
Slack : 6.301
TNS   : 0.000

Type  : Fast 1100mV 100C Model Recovery 'pll1|audio_pll_inst|altera_pll_i|general[0].gpll~PLL_OUTPUT_COUNTER|divclk'
Slack : -3.625
TNS   : -53.515

Type  : Fast 1100mV 100C Model Recovery 'FPGA_CLK1_50'
Slack : 17.787
TNS   : 0.000

Type  : Fast 1100mV 100C Model Recovery 'altera_reserved_tck'
Slack : 31.359
TNS   : 0.000

Type  : Fast 1100mV 100C Model Removal 'altera_reserved_tck'
Slack : 0.374
TNS   : 0.000

Type  : Fast 1100mV 100C Model Removal 'FPGA_CLK1_50'
Slack : 0.737
TNS   : 0.000

Type  : Fast 1100mV 100C Model Removal 'pll1|audio_pll_inst|altera_pll_i|general[0].gpll~PLL_OUTPUT_COUNTER|divclk'
Slack : 0.895
TNS   : 0.000

Type  : Fast 1100mV 100C Model Minimum Pulse Width 'pll1|audio_pll_inst|altera_pll_i|general[0].gpll~FRACTIONAL_PLL|vcoph[0]'
Slack : 1.600
TNS   : 0.000

Type  : Fast 1100mV 100C Model Minimum Pulse Width 'pll2|video_pll_inst|altera_pll_i|general[0].gpll~FRACTIONAL_PLL|vcoph[0]'
Slack : 1.666
TNS   : 0.000

Type  : Fast 1100mV 100C Model Minimum Pulse Width 'FPGA_CLK1_50'
Slack : 8.670
TNS   : 0.000

Type  : Fast 1100mV 100C Model Minimum Pulse Width 'FPGA_CLK2_50'
Slack : 9.347
TNS   : 0.000

Type  : Fast 1100mV 100C Model Minimum Pulse Width 'altera_reserved_tck'
Slack : 15.425
TNS   : 0.000

Type  : Fast 1100mV 100C Model Minimum Pulse Width 'MIPI_PIXEL_CLK'
Slack : 18.314
TNS   : 0.000

Type  : Fast 1100mV 100C Model Minimum Pulse Width 'pll2|video_pll_inst|altera_pll_i|general[1].gpll~PLL_OUTPUT_COUNTER|divclk'
Slack : 18.881
TNS   : 0.000

Type  : Fast 1100mV 100C Model Minimum Pulse Width 'pll1|audio_pll_inst|altera_pll_i|general[0].gpll~PLL_OUTPUT_COUNTER|divclk'
Slack : 325.924
TNS   : 0.000

Type  : Fast 1100mV -40C Model Setup 'HDMI_TX_CLK'
Slack : 12.072
TNS   : 0.000

Type  : Fast 1100mV -40C Model Setup 'altera_reserved_tck'
Slack : 14.580
TNS   : 0.000

Type  : Fast 1100mV -40C Model Setup 'pll2|video_pll_inst|altera_pll_i|general[1].gpll~PLL_OUTPUT_COUNTER|divclk'
Slack : 16.642
TNS   : 0.000

Type  : Fast 1100mV -40C Model Setup 'FPGA_CLK1_50'
Slack : 17.026
TNS   : 0.000

Type  : Fast 1100mV -40C Model Setup 'MIPI_PIXEL_CLK'
Slack : 29.546
TNS   : 0.000

Type  : Fast 1100mV -40C Model Setup 'pll1|audio_pll_inst|altera_pll_i|general[0].gpll~PLL_OUTPUT_COUNTER|divclk'
Slack : 651.241
TNS   : 0.000

Type  : Fast 1100mV -40C Model Hold 'altera_reserved_tck'
Slack : 0.076
TNS   : 0.000

Type  : Fast 1100mV -40C Model Hold 'MIPI_PIXEL_CLK'
Slack : 0.173
TNS   : 0.000

Type  : Fast 1100mV -40C Model Hold 'pll2|video_pll_inst|altera_pll_i|general[1].gpll~PLL_OUTPUT_COUNTER|divclk'
Slack : 0.174
TNS   : 0.000

Type  : Fast 1100mV -40C Model Hold 'FPGA_CLK1_50'
Slack : 0.178
TNS   : 0.000

Type  : Fast 1100mV -40C Model Hold 'pll1|audio_pll_inst|altera_pll_i|general[0].gpll~PLL_OUTPUT_COUNTER|divclk'
Slack : 0.314
TNS   : 0.000

Type  : Fast 1100mV -40C Model Hold 'HDMI_TX_CLK'
Slack : 5.762
TNS   : 0.000

Type  : Fast 1100mV -40C Model Recovery 'pll1|audio_pll_inst|altera_pll_i|general[0].gpll~PLL_OUTPUT_COUNTER|divclk'
Slack : -2.543
TNS   : -37.725

Type  : Fast 1100mV -40C Model Recovery 'FPGA_CLK1_50'
Slack : 17.975
TNS   : 0.000

Type  : Fast 1100mV -40C Model Recovery 'altera_reserved_tck'
Slack : 31.579
TNS   : 0.000

Type  : Fast 1100mV -40C Model Removal 'altera_reserved_tck'
Slack : 0.297
TNS   : 0.000

Type  : Fast 1100mV -40C Model Removal 'pll1|audio_pll_inst|altera_pll_i|general[0].gpll~PLL_OUTPUT_COUNTER|divclk'
Slack : 0.435
TNS   : 0.000

Type  : Fast 1100mV -40C Model Removal 'FPGA_CLK1_50'
Slack : 0.636
TNS   : 0.000

Type  : Fast 1100mV -40C Model Minimum Pulse Width 'pll1|audio_pll_inst|altera_pll_i|general[0].gpll~FRACTIONAL_PLL|vcoph[0]'
Slack : 1.600
TNS   : 0.000

Type  : Fast 1100mV -40C Model Minimum Pulse Width 'pll2|video_pll_inst|altera_pll_i|general[0].gpll~FRACTIONAL_PLL|vcoph[0]'
Slack : 1.666
TNS   : 0.000

Type  : Fast 1100mV -40C Model Minimum Pulse Width 'FPGA_CLK1_50'
Slack : 8.640
TNS   : 0.000

Type  : Fast 1100mV -40C Model Minimum Pulse Width 'FPGA_CLK2_50'
Slack : 9.274
TNS   : 0.000

Type  : Fast 1100mV -40C Model Minimum Pulse Width 'altera_reserved_tck'
Slack : 15.421
TNS   : 0.000

Type  : Fast 1100mV -40C Model Minimum Pulse Width 'MIPI_PIXEL_CLK'
Slack : 18.287
TNS   : 0.000

Type  : Fast 1100mV -40C Model Minimum Pulse Width 'pll2|video_pll_inst|altera_pll_i|general[1].gpll~PLL_OUTPUT_COUNTER|divclk'
Slack : 18.886
TNS   : 0.000

Type  : Fast 1100mV -40C Model Minimum Pulse Width 'pll1|audio_pll_inst|altera_pll_i|general[0].gpll~PLL_OUTPUT_COUNTER|divclk'
Slack : 325.935
TNS   : 0.000

------------------------------------------------------------
